Restructuring project files...
Creating root build.gradle.kts...
Generating Gradle Wrapper...
> Task :wrapper

Deprecated Gradle features were used in this build, making it incompatible with Gradle 9.0.

You can use '--warning-mode all' to show the individual deprecation warnings and determine if they come from your own scripts or plugins.

For more on this, please refer to https://docs.gradle.org/8.8/userguide/command_line_interface.html#sec:command_line_warnings in the Gradle documentation.

BUILD SUCCESSFUL in 1m 48s
1 actionable task: 1 executed
Building APK and Running Tests...
Downloading https://services.gradle.org/distributions/gradle-8.8-bin.zip
.............10%.............20%.............30%.............40%.............50%.............60%..............70%.............80%.............90%.............100%
Warning: SDK processing. This version only understands SDK XML versions up to 3 but an SDK XML file of version 4 was encountered. This can happen if you use versions of Android Studio and the command-line tools that were released at different times.
> Task :app:preBuild UP-TO-DATE
> Task :app:preDebugBuild UP-TO-DATE
> Task :app:checkDebugAarMetadata
> Task :app:generateDebugResValues
> Task :app:mapDebugSourceSetPaths
> Task :app:extractDebugSupportedLocales
> Task :app:generateDebugResources
> Task :app:generateDebugLocaleConfig
> Task :app:createDebugCompatibleScreenManifests
> Task :app:packageDebugResources
> Task :app:mergeDebugResources
> Task :app:extractDeepLinksDebug
> Task :app:parseDebugLocalResources
> Task :app:processDebugMainManifest
> Task :app:processDebugManifest
> Task :app:preDebugUnitTestBuild UP-TO-DATE
> Task :app:javaPreCompileDebug
> Task :app:processDebugManifestForPackage
> Task :app:javaPreCompileDebugUnitTest
> Task :app:processDebugResources
> Task :app:compileDebugKotlin
w: file:///app/src/app/src/main/java/io/github/devhyper/openvideoeditor/videoeditor/TransformManager.kt:445:13 Variable 'currentOffset' is never used
w: file:///app/src/app/src/main/java/io/github/devhyper/openvideoeditor/videoeditor/TransformManager.kt:666:18 'setTransformationRequest(TransformationRequest): Transformer.Builder' is deprecated. Deprecated in Java
w: file:///app/src/app/src/main/java/io/github/devhyper/openvideoeditor/videoeditor/TransformManager.kt:748:14 'setTransformationRequest(TransformationRequest): Transformer.Builder' is deprecated. Deprecated in Java
w: file:///app/src/app/src/main/java/io/github/devhyper/openvideoeditor/videoeditor/VideoEditorActivity.kt:33:26 'setOnSystemUiVisibilityChangeListener(View.OnSystemUiVisibilityChangeListener!): Unit' is deprecated. Deprecated in Java
w: file:///app/src/app/src/main/java/io/github/devhyper/openvideoeditor/videoeditor/VideoEditorScreen.kt:243:9 Variable 'filterDurationEditorEnabled' is never used
w: file:///app/src/app/src/main/java/io/github/devhyper/openvideoeditor/videoeditor/VideoEditorScreen.kt:245:9 Variable 'filterDurationEditorSliderPosition' is never used
w: file:///app/src/app/src/main/java/io/github/devhyper/openvideoeditor/videoeditor/VideoEditorScreen.kt:247:9 Variable 'startFilterSelected' is never used

> Task :app:compileDebugJavaWithJavac
warning: [options] source value 8 is obsolete and will be removed in a future release
warning: [options] target value 8 is obsolete and will be removed in a future release
warning: [options] To suppress warnings about obsolete options, use -Xlint:-options.
3 warnings

> Task :app:processDebugJavaRes
> Task :app:bundleDebugClassesToRuntimeJar
> Task :app:bundleDebugClassesToCompileJar

> Task :app:compileDebugUnitTestKotlin FAILED
e: file:///app/src/app/src/test/java/io/github/devhyper/openvideoeditor/timeline/TimelineLogicTest.kt:11:21 Unresolved reference: Clip
e: file:///app/src/app/src/test/java/io/github/devhyper/openvideoeditor/timeline/TimelineLogicTest.kt:12:21 Unresolved reference: Clip
e: file:///app/src/app/src/test/java/io/github/devhyper/openvideoeditor/timeline/TimelineLogicTest.kt:24:20 Unresolved reference: Clip
e: file:///app/src/app/src/test/java/io/github/devhyper/openvideoeditor/timeline/TimelineLogicTest.kt:26:14 Variable expected
e: file:///app/src/app/src/test/java/io/github/devhyper/openvideoeditor/timeline/TimelineLogicTest.kt:34:28 Unresolved reference: Clip

FAILURE: Build failed with an exception.

* What went wrong:
Execution failed for task ':app:compileDebugUnitTestKotlin'.
> A failure occurred while executing org.jetbrains.kotlin.compilerRunner.GradleCompilerRunnerWithWorkers$GradleKotlinCompilerWorkAction
   > Compilation error. See log for more details

* Try:
> Run with --stacktrace option to get the stack trace.
> Run with --info or --debug option to get more log output.
> Run with --scan to get full insights.
> Get more help at https://help.gradle.org.

Deprecated Gradle features were used in this build, making it incompatible with Gradle 9.0.

You can use '--warning-mode all' to show the individual deprecation warnings and determine if they come from your own scripts or plugins.

For more on this, please refer to https://docs.gradle.org/8.8/userguide/command_line_interface.html#sec:command_line_warnings in the Gradle documentation.

BUILD FAILED in 3m 23s
22 actionable tasks: 22 executed
